---
source: src/nasl/syntax/parser/tests.rs
expression: "crate :: nasl :: syntax :: parser :: tests ::\nparse_program_ok(stringify! (use_parser), \"a = 23;b = 1;\")"
---
[
    Assignment(
        Assignment {
            lhs: PlaceExpr {
                ident: Ident(
                    "a",
                ),
                array_accesses: [],
            },
            operator: Equal,
            rhs: Atom(
                Literal(
                    Number(
                        23,
                    ),
                ),
            ),
        },
    ),
    Assignment(
        Assignment {
            lhs: PlaceExpr {
                ident: Ident(
                    "b",
                ),
                array_accesses: [],
            },
            operator: Equal,
            rhs: Atom(
                Literal(
                    Number(
                        1,
                    ),
                ),
            ),
        },
    ),
]
