---
source: src/nasl/syntax/parser/tests.rs
expression: "crate :: nasl :: syntax :: parser :: tests ::\nparse_program_ok(stringify! (function_declaration_with_decls),\n\"function a(b) {c = 3;}\").into_iter().map(| stmt | stmt.to_string()).collect\n:: < Vec < _ >> ().join(\"\\n\")"
---
function a (b) {
  c = 3;
}
