---
source: src/nasl/syntax/parser/tests.rs
expression: "crate :: nasl :: syntax :: parser :: tests ::\nparse_program_ok(stringify! (unary_postfix_operators),\n\"\n    a++;\n    a--;\n    a-- --;\n    a++ ++;\n    ++a++;\n    \")"
---
[
    ExprStmt(
        Unary(
            Unary {
                op: Postfix(
                    PlusPlus,
                ),
                rhs: Atom(
                    Ident(
                        Ident(
                            "a",
                        ),
                    ),
                ),
            },
        ),
    ),
    ExprStmt(
        Unary(
            Unary {
                op: Postfix(
                    MinusMinus,
                ),
                rhs: Atom(
                    Ident(
                        Ident(
                            "a",
                        ),
                    ),
                ),
            },
        ),
    ),
    ExprStmt(
        Unary(
            Unary {
                op: Postfix(
                    MinusMinus,
                ),
                rhs: Unary(
                    Unary {
                        op: Postfix(
                            MinusMinus,
                        ),
                        rhs: Atom(
                            Ident(
                                Ident(
                                    "a",
                                ),
                            ),
                        ),
                    },
                ),
            },
        ),
    ),
    ExprStmt(
        Unary(
            Unary {
                op: Postfix(
                    PlusPlus,
                ),
                rhs: Unary(
                    Unary {
                        op: Postfix(
                            PlusPlus,
                        ),
                        rhs: Atom(
                            Ident(
                                Ident(
                                    "a",
                                ),
                            ),
                        ),
                    },
                ),
            },
        ),
    ),
    ExprStmt(
        Unary(
            Unary {
                op: Prefix(
                    PlusPlus,
                ),
                rhs: Unary(
                    Unary {
                        op: Postfix(
                            PlusPlus,
                        ),
                        rhs: Atom(
                            Ident(
                                Ident(
                                    "a",
                                ),
                            ),
                        ),
                    },
                ),
            },
        ),
    ),
]
