---
source: src/nasl/syntax/parser/tests.rs
expression: "crate :: nasl :: syntax :: parser :: tests ::\nparse_program_ok(stringify! (include), \"include(\\\"test.inc\\\");\")"
---
[
    Include(
        Include {
            path: String(
                "test.inc",
            ),
        },
    ),
]
