---
source: src/nasl/syntax/parser/tests.rs
expression: "crate :: nasl :: syntax :: parser :: tests ::\nparse_program_ok(stringify! (unexpected_plusplus),\nr###\"\n    cookie_jar[this_cookie]++;\n    \"###).into_iter().map(| stmt |\nstmt.to_string()).collect :: < Vec < _ >> ().join(\"\\n\")"
---
cookie_jar[this_cookie]++;
