---
source: src/nasl/syntax/parser/tests.rs
expression: "crate :: nasl :: syntax :: parser :: tests ::\nparse_program_ok(stringify! (compare_operator),\n\"\n    a !~ '1';\n    a =~ '1';\n    a >< '1';\n    a >!< '1';\n    a == '1';\n    a != '1';\n    a > '1';\n    a < '1';\n    a >= '1';\n    a <= '1';\n    \")"
---
[
    Stmt(
        ExprStmt(
            Binary(
                Binary {
                    lhs: Ident(
                        Ident(
                            "a",
                        ),
                    ),
                    op: BangTilde,
                    rhs: Literal(
                        Data(
                            [
                                49,
                            ],
                        ),
                    ),
                },
            ),
        ),
    ),
    Stmt(
        ExprStmt(
            Binary(
                Binary {
                    lhs: Ident(
                        Ident(
                            "a",
                        ),
                    ),
                    op: EqualTilde,
                    rhs: Literal(
                        Data(
                            [
                                49,
                            ],
                        ),
                    ),
                },
            ),
        ),
    ),
    Stmt(
        ExprStmt(
            Binary(
                Binary {
                    lhs: Ident(
                        Ident(
                            "a",
                        ),
                    ),
                    op: GreaterLess,
                    rhs: Literal(
                        Data(
                            [
                                49,
                            ],
                        ),
                    ),
                },
            ),
        ),
    ),
    Stmt(
        ExprStmt(
            Binary(
                Binary {
                    lhs: Ident(
                        Ident(
                            "a",
                        ),
                    ),
                    op: GreaterBangLess,
                    rhs: Literal(
                        Data(
                            [
                                49,
                            ],
                        ),
                    ),
                },
            ),
        ),
    ),
    Stmt(
        ExprStmt(
            Binary(
                Binary {
                    lhs: Ident(
                        Ident(
                            "a",
                        ),
                    ),
                    op: EqualEqual,
                    rhs: Literal(
                        Data(
                            [
                                49,
                            ],
                        ),
                    ),
                },
            ),
        ),
    ),
    Stmt(
        ExprStmt(
            Binary(
                Binary {
                    lhs: Ident(
                        Ident(
                            "a",
                        ),
                    ),
                    op: BangEqual,
                    rhs: Literal(
                        Data(
                            [
                                49,
                            ],
                        ),
                    ),
                },
            ),
        ),
    ),
    Stmt(
        ExprStmt(
            Binary(
                Binary {
                    lhs: Ident(
                        Ident(
                            "a",
                        ),
                    ),
                    op: Greater,
                    rhs: Literal(
                        Data(
                            [
                                49,
                            ],
                        ),
                    ),
                },
            ),
        ),
    ),
    Stmt(
        ExprStmt(
            Binary(
                Binary {
                    lhs: Ident(
                        Ident(
                            "a",
                        ),
                    ),
                    op: Less,
                    rhs: Literal(
                        Data(
                            [
                                49,
                            ],
                        ),
                    ),
                },
            ),
        ),
    ),
    Stmt(
        ExprStmt(
            Binary(
                Binary {
                    lhs: Ident(
                        Ident(
                            "a",
                        ),
                    ),
                    op: GreaterEqual,
                    rhs: Literal(
                        Data(
                            [
                                49,
                            ],
                        ),
                    ),
                },
            ),
        ),
    ),
    Stmt(
        ExprStmt(
            Binary(
                Binary {
                    lhs: Ident(
                        Ident(
                            "a",
                        ),
                    ),
                    op: LessEqual,
                    rhs: Literal(
                        Data(
                            [
                                49,
                            ],
                        ),
                    ),
                },
            ),
        ),
    ),
]
