---
source: src/nasl/syntax/parser/tests.rs
expression: "crate :: nasl :: syntax :: parser :: tests ::\nparse_program_ok(stringify! (jsp_example),\nr#\"\n    gms_path = gms_path + 'webapps\\\\appliance\\\\';\n    jsp = '<% out.println( \"' + jsp_print  + '\" ); %>';\n    \"#)"
---
[
    VariableDecl(
        VariableDecl {
            ident: Ident(
                "gms_path",
            ),
            operator: Equal,
            expr: Binary(
                Binary {
                    lhs: PlaceExpr(
                        Ident(
                            Ident(
                                "gms_path",
                            ),
                        ),
                    ),
                    op: Plus,
                    rhs: Literal(
                        Data(
                            [
                                119,
                                101,
                                98,
                                97,
                                112,
                                112,
                                115,
                                92,
                                97,
                                112,
                                112,
                                108,
                                105,
                                97,
                                110,
                                99,
                                101,
                                92,
                            ],
                        ),
                    ),
                },
            ),
        },
    ),
    VariableDecl(
        VariableDecl {
            ident: Ident(
                "jsp",
            ),
            operator: Equal,
            expr: Binary(
                Binary {
                    lhs: Binary(
                        Binary {
                            lhs: Literal(
                                Data(
                                    [
                                        60,
                                        37,
                                        32,
                                        111,
                                        117,
                                        116,
                                        46,
                                        112,
                                        114,
                                        105,
                                        110,
                                        116,
                                        108,
                                        110,
                                        40,
                                        32,
                                        34,
                                    ],
                                ),
                            ),
                            op: Plus,
                            rhs: PlaceExpr(
                                Ident(
                                    Ident(
                                        "jsp_print",
                                    ),
                                ),
                            ),
                        },
                    ),
                    op: Plus,
                    rhs: Literal(
                        Data(
                            [
                                34,
                                32,
                                41,
                                59,
                                32,
                                37,
                                62,
                            ],
                        ),
                    ),
                },
            ),
        },
    ),
]
