---
source: src/nasl/syntax/parser/tests.rs
expression: "crate :: nasl :: syntax :: parser :: tests ::\nparse_program_ok(stringify! (logical_operator), \"a && 1; a || 1;\")"
---
[
    ExprStmt(
        Binary(
            Binary {
                lhs: Atom(
                    Ident(
                        Ident(
                            "a",
                        ),
                    ),
                ),
                op: AmpersandAmpersand,
                rhs: Atom(
                    Literal(
                        Number(
                            1,
                        ),
                    ),
                ),
            },
        ),
    ),
    ExprStmt(
        Binary(
            Binary {
                lhs: Atom(
                    Ident(
                        Ident(
                            "a",
                        ),
                    ),
                ),
                op: PipePipe,
                rhs: Atom(
                    Literal(
                        Number(
                            1,
                        ),
                    ),
                ),
            },
        ),
    ),
]
