---
source: src/nasl/syntax/parser/tests.rs
expression: "crate :: nasl :: syntax :: parser :: tests :: parse_ok :: < Declaration >\n(stringify! (number_declaration), \"5;\")"
---
Stmt(
    ExprStmt(
        Atom(
            Literal(
                Number(
                    5,
                ),
            ),
        ),
    ),
)
