---
source: src/nasl/syntax/parser/tests.rs
expression: "crate :: nasl :: syntax :: parser :: tests ::\nparse_program_ok(stringify! (nested_function_call), \"foo(bar(3), 4);\")"
---
[
    ExprStmt(
        Atom(
            FnCall(
                FnCall {
                    fn_expr: Atom(
                        Ident(
                            Ident(
                                "foo",
                            ),
                        ),
                    ),
                    args: CommaSeparated {
                        items: [
                            Anonymous(
                                AnonymousFnArg {
                                    expr: Atom(
                                        FnCall(
                                            FnCall {
                                                fn_expr: Atom(
                                                    Ident(
                                                        Ident(
                                                            "bar",
                                                        ),
                                                    ),
                                                ),
                                                args: CommaSeparated {
                                                    items: [
                                                        Anonymous(
                                                            AnonymousFnArg {
                                                                expr: Atom(
                                                                    Literal(
                                                                        Number(
                                                                            3,
                                                                        ),
                                                                    ),
                                                                ),
                                                            },
                                                        ),
                                                    ],
                                                    delimiter: Paren,
                                                },
                                                num_repeats: None,
                                            },
                                        ),
                                    ),
                                },
                            ),
                            Anonymous(
                                AnonymousFnArg {
                                    expr: Atom(
                                        Literal(
                                            Number(
                                                4,
                                            ),
                                        ),
                                    ),
                                },
                            ),
                        ],
                        delimiter: Paren,
                    },
                    num_repeats: None,
                },
            ),
        ),
    ),
]
