---
source: src/nasl/syntax/parser/tests.rs
expression: "crate :: nasl :: syntax :: parser :: tests ::\nparse_program_ok(stringify! (if_stmt_else_if),\n\"if (a) { b; } else if (c) { d; } else { e; }\").into_iter().map(| stmt |\nstmt.to_string()).collect :: < Vec < _ >> ().join(\"\\n\")"
---
if (a) {
  b;
} else if (c) {
  d;
} else {
  e;
}
