---
source: src/nasl/syntax/parser/tests.rs
expression: "crate :: nasl :: syntax :: parser :: tests :: parse_ok :: < Expr >\n(stringify! (mixed_array_access_fn_call), \"fn_array[5](a, b, c)\")"
snapshot_kind: text
---
Atom(
    FnCall(
        FnCall {
            fn_expr: Atom(
                ArrayAccess(
                    ArrayAccess {
                        index_expr: Atom(
                            Literal(
                                Number(
                                    5,
                                ),
                            ),
                        ),
                        lhs_expr: Atom(
                            Ident(
                                Ident(
                                    "fn_array",
                                ),
                            ),
                        ),
                    },
                ),
            ),
            args: CommaSeparated {
                items: [
                    Anonymous(
                        AnonymousFnArg {
                            expr: Atom(
                                Ident(
                                    Ident(
                                        "a",
                                    ),
                                ),
                            ),
                        },
                    ),
                    Anonymous(
                        AnonymousFnArg {
                            expr: Atom(
                                Ident(
                                    Ident(
                                        "b",
                                    ),
                                ),
                            ),
                        },
                    ),
                    Anonymous(
                        AnonymousFnArg {
                            expr: Atom(
                                Ident(
                                    Ident(
                                        "c",
                                    ),
                                ),
                            ),
                        },
                    ),
                ],
                delimiter: Paren,
            },
        },
    ),
)
