---
source: src/nasl/syntax/parser/tests.rs
expression: "crate :: nasl :: syntax :: parser :: tests ::\nparse_program_ok(stringify! (return_assign), \"a++;\")"
---
[
    ExprStmt(
        Atom(
            Increment(
                Increment {
                    lhs: PlaceExpr {
                        ident: Ident(
                            "a",
                        ),
                        array_accesses: [],
                    },
                    op: PlusPlus,
                },
            ),
        ),
    ),
]
