---
source: src/nasl/syntax/parser/tests.rs
expression: "crate :: nasl :: syntax :: parser :: tests ::\nparse_program_ok(stringify! (array), \"a[1];\")"
---
[
    ExprStmt(
        Atom(
            ArrayAccess(
                ArrayAccess {
                    index_expr: Atom(
                        Literal(
                            Number(
                                1,
                            ),
                        ),
                    ),
                    ident: Ident(
                        "a",
                    ),
                },
            ),
        ),
    ),
]
