---
source: src/nasl/syntax/error.rs
expression: "crate :: nasl :: syntax :: lexer :: tests ::\nparse_err(stringify! (missing_right_paren), \"for (i = 0; i < 10; i++ ;\")"
snapshot_kind: text
---
error: Unclosed token: '('
  ┌─ missing_right_paren:1:1
  │
1 │ for (i = 0; i < 10; i++ ;
  │ ^ Unclosed token: '('
