---
source: src/nasl/syntax/error.rs
expression: "crate :: nasl :: syntax :: lexer :: tests ::\nparse_err(stringify! (missing_semicolon_call), \"called(me)\")"
snapshot_kind: text
---
[
    SyntaxError {
        kind: MissingSemicolon(
            Statement {
                start: Token {
                    kind: Ident(
                        Ident(
                            "called",
                        ),
                    ),
                    position: (
                        0,
                        6,
                    ),
                },
                end: Some(
                    Token {
                        kind: RightParen,
                        position: (
                            9,
                            10,
                        ),
                    },
                ),
                kind: Call(
                    Statement {
                        start: Token {
                            kind: LeftParen,
                            position: (
                                6,
                                7,
                            ),
                        },
                        end: Some(
                            Token {
                                kind: RightParen,
                                position: (
                                    9,
                                    10,
                                ),
                            },
                        ),
                        kind: Parameter(
                            [
                                Statement {
                                    start: Token {
                                        kind: Ident(
                                            Ident(
                                                "me",
                                            ),
                                        ),
                                        position: (
                                            7,
                                            9,
                                        ),
                                    },
                                    end: Some(
                                        Token {
                                            kind: RightParen,
                                            position: (
                                                9,
                                                10,
                                            ),
                                        },
                                    ),
                                    kind: Variable,
                                },
                            ],
                        ),
                    },
                ),
            },
        ),
        range: 0..0,
    },
]
