---
source: src/nasl/syntax/error.rs
expression: "crate :: nasl :: syntax :: lexer :: tests ::\nparse_err(stringify! (missing_right_paren), \"foreach a(x { a = 2;\")"
snapshot_kind: text
---
[
    SyntaxError {
        kind: UnclosedToken(
            Token {
                kind: LeftParen,
                position: (
                    9,
                    10,
                ),
            },
        ),
        range: 0..0,
    },
]
