---
source: src/nasl/syntax/keyword_extension.rs
expression: "crate :: nasl :: syntax :: lexer :: tests ::\nparse_ok(stringify! (if_block),\n\"if (description) { ; }\").into_iter().map(| stmt | stmt.to_string()).collect\n:: < Vec < _ >> ().join(\"\\n\")"
snapshot_kind: text
---
if (description) { ... }
