---
source: src/nasl/syntax/error.rs
expression: "crate :: nasl :: syntax :: lexer :: tests ::\nparse_err(stringify! (missing_right_curly_bracket), \"foreach a(x) { a = 2;\")"
snapshot_kind: text
---
error: Unclosed token: '{'
  ┌─ missing_right_curly_bracket:1:1
  │
1 │ foreach a(x) { a = 2;
  │ ^ Unclosed token: '{'
