---
source: src/nasl/syntax/error.rs
expression: "crate :: nasl :: syntax :: lexer :: tests ::\nparse_err(stringify! (missing_semicolon_assignment), \"a = [1, 2, 4]\")"
snapshot_kind: text
---
[
    SyntaxError {
        kind: MissingSemicolon(
            Statement {
                start: Token {
                    kind: Ident(
                        Ident(
                            "a",
                        ),
                    ),
                    position: (
                        0,
                        1,
                    ),
                },
                end: Some(
                    Token {
                        kind: RightBrace,
                        position: (
                            12,
                            13,
                        ),
                    },
                ),
                kind: Assign(
                    Equal,
                    AssignReturn,
                    Statement {
                        start: Token {
                            kind: Ident(
                                Ident(
                                    "a",
                                ),
                            ),
                            position: (
                                0,
                                1,
                            ),
                        },
                        end: Some(
                            Token {
                                kind: RightBrace,
                                position: (
                                    12,
                                    13,
                                ),
                            },
                        ),
                        kind: Array(
                            None,
                        ),
                    },
                    Statement {
                        start: Token {
                            kind: LeftBrace,
                            position: (
                                4,
                                5,
                            ),
                        },
                        end: Some(
                            Token {
                                kind: RightBrace,
                                position: (
                                    12,
                                    13,
                                ),
                            },
                        ),
                        kind: Parameter(
                            [
                                Statement {
                                    start: Token {
                                        kind: Literal(
                                            Number(
                                                1,
                                            ),
                                        ),
                                        position: (
                                            5,
                                            6,
                                        ),
                                    },
                                    end: Some(
                                        Token {
                                            kind: Comma,
                                            position: (
                                                6,
                                                7,
                                            ),
                                        },
                                    ),
                                    kind: Primitive,
                                },
                                Statement {
                                    start: Token {
                                        kind: Literal(
                                            Number(
                                                2,
                                            ),
                                        ),
                                        position: (
                                            8,
                                            9,
                                        ),
                                    },
                                    end: Some(
                                        Token {
                                            kind: Comma,
                                            position: (
                                                9,
                                                10,
                                            ),
                                        },
                                    ),
                                    kind: Primitive,
                                },
                                Statement {
                                    start: Token {
                                        kind: Literal(
                                            Number(
                                                4,
                                            ),
                                        ),
                                        position: (
                                            11,
                                            12,
                                        ),
                                    },
                                    end: Some(
                                        Token {
                                            kind: RightBrace,
                                            position: (
                                                12,
                                                13,
                                            ),
                                        },
                                    ),
                                    kind: Primitive,
                                },
                            ],
                        ),
                    },
                ),
            },
        ),
        range: 0..0,
    },
]
