---
source: src/nasl/syntax/keyword_extension.rs
expression: "crate :: nasl :: syntax :: lexer :: tests ::\nparse_err(stringify! (unclosed), \"if (description) display(1)\")"
snapshot_kind: text
---
error: Unclosed token: '('
  ┌─ unclosed:1:1
  │
1 │ if (description) display(1)
  │ ^ Unclosed token: '('
