---
source: src/nasl/syntax/lexer/tests.rs
expression: "crate :: nasl :: syntax :: lexer :: tests ::\nparse_ok(stringify! (for_stmt),\n\"for (i = 0; i < 10; i++) a;\").into_iter().map(| stmt |\nstmt.to_string()).collect :: < Vec < _ >> ().join(\"\\n\")"
snapshot_kind: text
---
for (i = 0; i < 10; i++) { a }
