---
source: src/nasl/syntax/lexer/tests.rs
expression: "crate :: nasl :: syntax :: lexer :: tests ::\nparse_ok(stringify! (function_declaration),\n\"function a(b) {c;}\").into_iter().map(| stmt | stmt.to_string()).collect :: <\nVec < _ >> ().join(\"\\n\")"
snapshot_kind: text
---
function a((b)) { ... }
