---
source: src/nasl/syntax/lexer/tests.rs
expression: "parse_ok(stringify! (parameter), \"[a, b];\")"
snapshot_kind: text
---
[
    Statement {
        start: Token {
            kind: LeftBrace,
            position: (
                0,
                1,
            ),
        },
        end: Some(
            Token {
                kind: Semicolon,
                position: (
                    6,
                    7,
                ),
            },
        ),
        kind: Parameter(
            [
                Statement {
                    start: Token {
                        kind: Ident(
                            Ident(
                                "a",
                            ),
                        ),
                        position: (
                            1,
                            2,
                        ),
                    },
                    end: Some(
                        Token {
                            kind: Comma,
                            position: (
                                2,
                                3,
                            ),
                        },
                    ),
                    kind: Variable,
                },
                Statement {
                    start: Token {
                        kind: Ident(
                            Ident(
                                "b",
                            ),
                        ),
                        position: (
                            4,
                            5,
                        ),
                    },
                    end: Some(
                        Token {
                            kind: RightBrace,
                            position: (
                                5,
                                6,
                            ),
                        },
                    ),
                    kind: Variable,
                },
            ],
        ),
    },
]
