---
source: src/nasl/syntax/lexer/tests.rs
expression: "parse_ok(stringify! (variable), \"a;\")"
snapshot_kind: text
---
[
    Statement {
        start: Token {
            kind: Ident(
                Ident(
                    "a",
                ),
            ),
            position: (
                0,
                1,
            ),
        },
        end: Some(
            Token {
                kind: Semicolon,
                position: (
                    1,
                    2,
                ),
            },
        ),
        kind: Variable,
    },
]
