---
source: src/nasl/syntax/lexer/tests.rs
expression: "parse_ok(stringify! (variable_assignment_operator),\n\"a++; a--; a[1]++; a[1]--;\")"
snapshot_kind: text
---
[
    Statement {
        start: Token {
            kind: Ident(
                Ident(
                    "a",
                ),
            ),
            position: (
                0,
                1,
            ),
        },
        end: Some(
            Token {
                kind: Semicolon,
                position: (
                    3,
                    4,
                ),
            },
        ),
        kind: Assign(
            PlusPlus,
            ReturnAssign,
            Statement {
                start: Token {
                    kind: Ident(
                        Ident(
                            "a",
                        ),
                    ),
                    position: (
                        0,
                        1,
                    ),
                },
                end: Some(
                    Token {
                        kind: Ident(
                            Ident(
                                "a",
                            ),
                        ),
                        position: (
                            0,
                            1,
                        ),
                    },
                ),
                kind: Variable,
            },
            Statement {
                start: Token {
                    kind: X,
                    position: (
                        18446744073709551615,
                        18446744073709551615,
                    ),
                },
                end: None,
                kind: NoOp,
            },
        ),
    },
    Statement {
        start: Token {
            kind: Ident(
                Ident(
                    "a",
                ),
            ),
            position: (
                5,
                6,
            ),
        },
        end: Some(
            Token {
                kind: Semicolon,
                position: (
                    8,
                    9,
                ),
            },
        ),
        kind: Assign(
            MinusMinus,
            ReturnAssign,
            Statement {
                start: Token {
                    kind: Ident(
                        Ident(
                            "a",
                        ),
                    ),
                    position: (
                        5,
                        6,
                    ),
                },
                end: Some(
                    Token {
                        kind: Ident(
                            Ident(
                                "a",
                            ),
                        ),
                        position: (
                            5,
                            6,
                        ),
                    },
                ),
                kind: Variable,
            },
            Statement {
                start: Token {
                    kind: X,
                    position: (
                        18446744073709551615,
                        18446744073709551615,
                    ),
                },
                end: None,
                kind: NoOp,
            },
        ),
    },
    Statement {
        start: Token {
            kind: RightBrace,
            position: (
                13,
                14,
            ),
        },
        end: Some(
            Token {
                kind: Semicolon,
                position: (
                    16,
                    17,
                ),
            },
        ),
        kind: Assign(
            PlusPlus,
            ReturnAssign,
            Statement {
                start: Token {
                    kind: Ident(
                        Ident(
                            "a",
                        ),
                    ),
                    position: (
                        10,
                        11,
                    ),
                },
                end: Some(
                    Token {
                        kind: RightBrace,
                        position: (
                            13,
                            14,
                        ),
                    },
                ),
                kind: Array(
                    Some(
                        Statement {
                            start: Token {
                                kind: Literal(
                                    Number(
                                        1,
                                    ),
                                ),
                                position: (
                                    12,
                                    13,
                                ),
                            },
                            end: Some(
                                Token {
                                    kind: RightBrace,
                                    position: (
                                        13,
                                        14,
                                    ),
                                },
                            ),
                            kind: Primitive,
                        },
                    ),
                ),
            },
            Statement {
                start: Token {
                    kind: X,
                    position: (
                        18446744073709551615,
                        18446744073709551615,
                    ),
                },
                end: None,
                kind: NoOp,
            },
        ),
    },
    Statement {
        start: Token {
            kind: RightBrace,
            position: (
                21,
                22,
            ),
        },
        end: Some(
            Token {
                kind: Semicolon,
                position: (
                    24,
                    25,
                ),
            },
        ),
        kind: Assign(
            MinusMinus,
            ReturnAssign,
            Statement {
                start: Token {
                    kind: Ident(
                        Ident(
                            "a",
                        ),
                    ),
                    position: (
                        18,
                        19,
                    ),
                },
                end: Some(
                    Token {
                        kind: RightBrace,
                        position: (
                            21,
                            22,
                        ),
                    },
                ),
                kind: Array(
                    Some(
                        Statement {
                            start: Token {
                                kind: Literal(
                                    Number(
                                        1,
                                    ),
                                ),
                                position: (
                                    20,
                                    21,
                                ),
                            },
                            end: Some(
                                Token {
                                    kind: RightBrace,
                                    position: (
                                        21,
                                        22,
                                    ),
                                },
                            ),
                            kind: Primitive,
                        },
                    ),
                ),
            },
            Statement {
                start: Token {
                    kind: X,
                    position: (
                        18446744073709551615,
                        18446744073709551615,
                    ),
                },
                end: None,
                kind: NoOp,
            },
        ),
    },
]
