---
source: src/nasl/syntax/lexer/tests.rs
expression: "parse_ok(stringify! (exit), \"exit(0);\")"
snapshot_kind: text
---
[
    Statement {
        start: Token {
            kind: Keyword(
                Exit,
            ),
            position: (
                0,
                4,
            ),
        },
        end: Some(
            Token {
                kind: Semicolon,
                position: (
                    7,
                    8,
                ),
            },
        ),
        kind: Exit(
            Statement {
                start: Token {
                    kind: Literal(
                        Number(
                            0,
                        ),
                    ),
                    position: (
                        5,
                        6,
                    ),
                },
                end: Some(
                    Token {
                        kind: RightParen,
                        position: (
                            6,
                            7,
                        ),
                    },
                ),
                kind: Primitive,
            },
        ),
    },
]
