---
source: src/nasl/syntax/lexer/tests.rs
expression: "parse_ok(stringify! (foreach), \"foreach a(b) c;\")"
snapshot_kind: text
---
[
    Statement {
        start: Token {
            kind: Keyword(
                ForEach,
            ),
            position: (
                0,
                7,
            ),
        },
        end: Some(
            Token {
                kind: Semicolon,
                position: (
                    14,
                    15,
                ),
            },
        ),
        kind: ForEach(
            Token {
                kind: Ident(
                    Ident(
                        "a",
                    ),
                ),
                position: (
                    8,
                    9,
                ),
            },
            Statement {
                start: Token {
                    kind: Ident(
                        Ident(
                            "b",
                        ),
                    ),
                    position: (
                        10,
                        11,
                    ),
                },
                end: Some(
                    Token {
                        kind: RightParen,
                        position: (
                            11,
                            12,
                        ),
                    },
                ),
                kind: Variable,
            },
            Statement {
                start: Token {
                    kind: Ident(
                        Ident(
                            "c",
                        ),
                    ),
                    position: (
                        13,
                        14,
                    ),
                },
                end: Some(
                    Token {
                        kind: Semicolon,
                        position: (
                            14,
                            15,
                        ),
                    },
                ),
                kind: Variable,
            },
        ),
    },
]
