---
source: src/openvasd/tests/test_builder.rs
expression: self.snapshot
---
{
  "status_code": 200,
  "headers": {
    "api-version": "1",
    "authentication": "disabled",
    "content-length": "41",
    "content-type": "application/json",
    "feed-version": "unavailable",
  },
  "body": "[\"test\",\"ubuntu_14.04\",\"windows_11_home\"]",
}
