---
source: src/scannerctl/linter/tests/mod.rs
expression: "$crate :: linter :: tests ::\nlint_files(& [\"a.nasl\", \"b.nasl\"], &\n[(\"a.nasl\", \"include(\\\"common.inc\\\");\"),\n(\"b.nasl\", \"include(\\\"common.inc\\\");\"), (\"common.inc\", \"display(missing);\")],)"
---
error: Variable `missing` is not declared
  ┌─ common.inc:1:9
  │
1 │ display(missing);
  │         ^^^^^^^ undeclared variable
