---
source: src/nasl/syntax/tokenizer/tests.rs
expression: "tokenize_ok(stringify! (identifier), \"help_lo _hello _h4llo 4_h4llo\")"
snapshot_kind: text
---
[
    Token {
        kind: Ident(
            Ident(
                "help_lo",
            ),
        ),
        position: (
            0,
            7,
        ),
    },
    Token {
        kind: Ident(
            Ident(
                "_hello",
            ),
        ),
        position: (
            8,
            14,
        ),
    },
    Token {
        kind: Ident(
            Ident(
                "_h4llo",
            ),
        ),
        position: (
            15,
            21,
        ),
    },
    Token {
        kind: Literal(
            Number(
                4,
            ),
        ),
        position: (
            22,
            23,
        ),
    },
    Token {
        kind: Ident(
            Ident(
                "_h4llo",
            ),
        ),
        position: (
            23,
            29,
        ),
    },
]
