---
source: src/nasl/syntax/tokenizer/tests.rs
expression: "tokenize_ok(stringify! (unclosed_data_string), \"'Hello \\\\'you\\\\'!\\\\'\")"
snapshot_kind: text
---
[
    Token {
        kind: Unclosed(
            Data,
        ),
        line_column: (
            1,
            1,
        ),
        position: (
            0,
            17,
        ),
    },
]
