---
source: src/nasl/syntax/tokenizer/tests.rs
expression: "tokenize_ok(stringify! (keywords),\n\"for foreach if else while repeat until local_var global_var return include exit break continue\")"
snapshot_kind: text
---
[
    Token {
        kind: Keyword(
            For,
        ),
        position: (
            0,
            3,
        ),
    },
    Token {
        kind: Keyword(
            ForEach,
        ),
        position: (
            4,
            11,
        ),
    },
    Token {
        kind: Keyword(
            If,
        ),
        position: (
            12,
            14,
        ),
    },
    Token {
        kind: Keyword(
            Else,
        ),
        position: (
            15,
            19,
        ),
    },
    Token {
        kind: Keyword(
            While,
        ),
        position: (
            20,
            25,
        ),
    },
    Token {
        kind: Keyword(
            Repeat,
        ),
        position: (
            26,
            32,
        ),
    },
    Token {
        kind: Keyword(
            Until,
        ),
        position: (
            33,
            38,
        ),
    },
    Token {
        kind: Keyword(
            LocalVar,
        ),
        position: (
            39,
            48,
        ),
    },
    Token {
        kind: Keyword(
            GlobalVar,
        ),
        position: (
            49,
            59,
        ),
    },
    Token {
        kind: Keyword(
            Return,
        ),
        position: (
            60,
            66,
        ),
    },
    Token {
        kind: Keyword(
            Include,
        ),
        position: (
            67,
            74,
        ),
    },
    Token {
        kind: Keyword(
            Exit,
        ),
        position: (
            75,
            79,
        ),
    },
    Token {
        kind: Keyword(
            Break,
        ),
        position: (
            80,
            85,
        ),
    },
    Token {
        kind: Keyword(
            Continue,
        ),
        position: (
            86,
            94,
        ),
    },
]
