---
source: src/nasl/syntax/tokenizer/tests.rs
expression: "tokenize_ok(stringify! (data_string), r#\"'Hello \\\\\\'you\\\\\\'!'\"#)"
snapshot_kind: text
---
[
    Token {
        kind: Data(
            [
                72,
                101,
                108,
                108,
                111,
                32,
                92,
                39,
                121,
                111,
                117,
                92,
                39,
                33,
            ],
        ),
        line_column: (
            1,
            1,
        ),
        position: (
            0,
            20,
        ),
    },
]
