---
source: src/nasl/syntax/tokenizer/tests.rs
expression: "tokenize_ok(stringify! (string), \"\\\"I am a closed string \\\"\")"
snapshot_kind: text
---
[
    Token {
        kind: String(
            "I am a closed string ",
        ),
        line_column: (
            1,
            1,
        ),
        position: (
            0,
            23,
        ),
    },
]
