---
source: src/nasl/syntax/tokenizer/tests.rs
expression: "tokenize_ok(stringify! (simplified_ipv4_address), \"10.187.76.12\")"
snapshot_kind: text
---
[
    Token {
        kind: Literal(
            IPv4Address(
                10.187.76.12,
            ),
        ),
        position: (
            0,
            12,
        ),
    },
]
