---
source: src/nasl/syntax/tokenizer/tests.rs
expression: "tokenize_ok(stringify! (repeat_x_times), \"x() x 10;\")"
snapshot_kind: text
---
[
    Token {
        kind: Identifier(
            Undefined(
                "x",
            ),
        ),
        position: (
            0,
            1,
        ),
    },
    Token {
        kind: LeftParen,
        position: (
            1,
            2,
        ),
    },
    Token {
        kind: RightParen,
        position: (
            2,
            3,
        ),
    },
    Token {
        kind: X,
        position: (
            4,
            6,
        ),
    },
    Token {
        kind: Number(
            10,
        ),
        position: (
            6,
            8,
        ),
    },
    Token {
        kind: Semicolon,
        position: (
            8,
            9,
        ),
    },
]
