---
source: src/nasl/syntax/tokenizer/tests.rs
expression: "tokenize_ok(stringify! (simple_number), \"1\")"
---
[
    Token {
        kind: Literal(
            Literal {
                kind: Number(
                    1,
                ),
                span: Span {
                    start: CharIndex(
                        0,
                    ),
                    end: CharIndex(
                        1,
                    ),
                },
            },
        ),
        span: Span {
            start: CharIndex(
                0,
            ),
            end: CharIndex(
                1,
            ),
        },
    },
]
