---
source: src/nasl/syntax/tokenizer/tests.rs
expression: "tokenize_err(stringify! (invalid_numbers), \"0x 0b 0b2\")"
snapshot_kind: text
---
[
    TokenizerError {
        kind: InvalidNumberLiteral,
        range: 0..2,
    },
    TokenizerError {
        kind: InvalidNumberLiteral,
        range: 3..5,
    },
    TokenizerError {
        kind: InvalidNumberLiteral,
        range: 6..8,
    },
]
