---
source: src/openvasd/tests/test_builder.rs
expression: inner
---
Status(
  start_time: "[redacted]",
  end_time: "[redacted]",
  status: succeeded,
  host_info: Some(HostInfo(
    all: 1,
    excluded: 0,
    dead: 0,
    alive: 0,
    queued: 1,
    finished: 0,
    scanning: Some({}),
  )),
)
